[env] device=cuda
[data] patients=942 wavs=3158 labels={'Absent': 695, 'Unknown': 68, 'Present': 179}
[folds] sizes=[189, 189, 189, 188, 187] dist=[[139, 14, 36], [139, 14, 36], [139, 14, 36], [139, 13, 36], [139, 13, 35]]
[feat] 400/3158 (0s)
[feat] 800/3158 (0s)
[feat] 1200/3158 (0s)
[feat] 1600/3158 (0s)
[feat] 2000/3158 (0s)
[feat] 2400/3158 (0s)
[feat] 2800/3158 (1s)
[feat] cache ready: 3158 mels (0 computed, 1s)

======== FOLD 1/5 ========
[split] train=641 dist=[473, 46, 122] val=112 dist=[83, 8, 21] test=189 dist=[139, 14, 36]
[imb] ce_weights=[0.486, 1.558, 0.957]
[fold1 ep01] loss=1.1339 train_acc=0.4758 val_acc=0.4286 macroF1=0.4315 chWA=0.5377 recall=[0.337, 0.875, 0.619]
[fold1 ep02] loss=1.0443 train_acc=0.5772 val_acc=0.6696 macroF1=0.5601 chWA=0.6085 recall=[0.699, 0.875, 0.476]
[fold1 ep03] loss=1.0540 train_acc=0.5897 val_acc=0.7768 macroF1=0.6601 chWA=0.6651 recall=[0.855, 0.625, 0.524]
[fold1 ep04] loss=0.9592 train_acc=0.6708 val_acc=0.6071 macroF1=0.5472 chWA=0.6698 recall=[0.566, 0.625, 0.762]
[fold1 ep05] loss=0.9390 train_acc=0.6505 val_acc=0.4643 macroF1=0.4769 chWA=0.6321 recall=[0.349, 0.625, 0.857]
[fold1 ep06] loss=0.9089 train_acc=0.6802 val_acc=0.6964 macroF1=0.5246 chWA=0.5283 recall=[0.795, 0.875, 0.238]
[fold1 ep07] loss=0.9883 train_acc=0.6209 val_acc=0.7857 macroF1=0.6526 chWA=0.6698 recall=[0.867, 0.625, 0.524]
[fold1 ep08] loss=0.9180 train_acc=0.6396 val_acc=0.8125 macroF1=0.6477 chWA=0.6274 recall=[0.94, 0.625, 0.381]
[fold1 ep09] loss=0.8191 train_acc=0.6786 val_acc=0.8304 macroF1=0.6522 chWA=0.6368 recall=[0.976, 0.375, 0.429]
[fold1 ep10] loss=0.8098 train_acc=0.6661 val_acc=0.8304 macroF1=0.6835 chWA=0.7311 recall=[0.916, 0.375, 0.667]
[fold1 ep11] loss=0.7685 train_acc=0.7270 val_acc=0.2679 macroF1=0.3287 chWA=0.5849 recall=[0.036, 0.875, 0.952]
[fold1 ep12] loss=0.7759 train_acc=0.6927 val_acc=0.8036 macroF1=0.6549 chWA=0.6604 recall=[0.904, 0.625, 0.476]
[fold1 ep13] loss=0.7494 train_acc=0.7067 val_acc=0.7143 macroF1=0.6036 chWA=0.6509 recall=[0.747, 0.875, 0.524]
[fold1 ep14] loss=0.8033 train_acc=0.7332 val_acc=0.8214 macroF1=0.5626 chWA=0.6321 recall=[0.976, 0.125, 0.476]
[fold1 ep15] loss=0.8070 train_acc=0.7083 val_acc=0.7589 macroF1=0.6416 chWA=0.6745 recall=[0.807, 0.875, 0.524]
[fold1 ep16] loss=0.7892 train_acc=0.7098 val_acc=0.6875 macroF1=0.5165 chWA=0.7123 recall=[0.699, 0.125, 0.857]
[fold1 ep17] loss=0.6503 train_acc=0.7644 val_acc=0.7411 macroF1=0.6296 chWA=0.7689 recall=[0.735, 0.5, 0.857]
[fold1] early stop ep 17
[fold1] best_ep=10 val_macro_f1=0.6835 total=52s
[fold1 TEST] acc=0.8254 macroF1=0.7070 s_murmur=0.7590 recall=[0.878, 0.643, 0.694]

======== FOLD 2/5 ========
[split] train=641 dist=[473, 46, 122] val=112 dist=[83, 8, 21] test=189 dist=[139, 14, 36]
[imb] ce_weights=[0.486, 1.558, 0.957]
[fold2 ep01] loss=1.1093 train_acc=0.4945 val_acc=0.2500 macroF1=0.2526 chWA=0.4906 recall=[0.072, 0.75, 0.762]
[fold2 ep02] loss=1.0925 train_acc=0.5679 val_acc=0.6250 macroF1=0.4826 chWA=0.4906 recall=[0.711, 0.625, 0.286]
[fold2 ep03] loss=0.9608 train_acc=0.6318 val_acc=0.4286 macroF1=0.4079 chWA=0.5849 recall=[0.325, 0.5, 0.81]
[fold2 ep04] loss=0.8899 train_acc=0.6849 val_acc=0.7500 macroF1=0.5807 chWA=0.5755 recall=[0.867, 0.625, 0.333]
[fold2 ep05] loss=0.8921 train_acc=0.6786 val_acc=0.7232 macroF1=0.5595 chWA=0.5613 recall=[0.831, 0.625, 0.333]
[fold2 ep06] loss=0.8747 train_acc=0.6708 val_acc=0.7589 macroF1=0.3695 chWA=0.4575 recall=[0.988, 0.0, 0.143]
[fold2 ep07] loss=0.8392 train_acc=0.6849 val_acc=0.6875 macroF1=0.5713 chWA=0.6557 recall=[0.711, 0.625, 0.619]
[fold2 ep08] loss=0.8304 train_acc=0.7207 val_acc=0.5804 macroF1=0.5243 chWA=0.6179 recall=[0.542, 0.875, 0.619]
[fold2 ep09] loss=0.7778 train_acc=0.7285 val_acc=0.7768 macroF1=0.5770 chWA=0.5896 recall=[0.916, 0.375, 0.381]
[fold2 ep10] loss=0.7271 train_acc=0.7644 val_acc=0.6786 macroF1=0.5797 chWA=0.6698 recall=[0.687, 0.625, 0.667]
[fold2 ep11] loss=0.7619 train_acc=0.7363 val_acc=0.7679 macroF1=0.5835 chWA=0.6226 recall=[0.88, 0.375, 0.476]
[fold2 ep12] loss=0.6851 train_acc=0.7613 val_acc=0.6161 macroF1=0.5199 chWA=0.6651 recall=[0.59, 0.5, 0.762]
[fold2 ep13] loss=0.6654 train_acc=0.7722 val_acc=0.7411 macroF1=0.5648 chWA=0.6085 recall=[0.843, 0.375, 0.476]
[fold2 ep14] loss=0.6526 train_acc=0.7613 val_acc=0.7679 macroF1=0.5696 chWA=0.5849 recall=[0.904, 0.375, 0.381]
[fold2 ep15] loss=0.6720 train_acc=0.7551 val_acc=0.4375 macroF1=0.3953 chWA=0.6179 recall=[0.325, 0.375, 0.905]
[fold2 ep16] loss=0.5750 train_acc=0.8112 val_acc=0.7768 macroF1=0.6392 chWA=0.7123 recall=[0.831, 0.5, 0.667]
[fold2 ep17] loss=0.6181 train_acc=0.7910 val_acc=0.7768 macroF1=0.6121 chWA=0.6179 recall=[0.892, 0.5, 0.429]
[fold2 ep18] loss=0.6093 train_acc=0.7800 val_acc=0.7500 macroF1=0.6167 chWA=0.6226 recall=[0.831, 0.75, 0.429]
[fold2 ep19] loss=0.6401 train_acc=0.7941 val_acc=0.5982 macroF1=0.5200 chWA=0.6840 recall=[0.542, 0.625, 0.81]
[fold2 ep20] loss=0.5912 train_acc=0.7925 val_acc=0.8036 macroF1=0.6459 chWA=0.7358 recall=[0.867, 0.375, 0.714]
[fold2 ep21] loss=0.5768 train_acc=0.7972 val_acc=0.7768 macroF1=0.6173 chWA=0.6368 recall=[0.88, 0.5, 0.476]
[fold2 ep22] loss=0.5682 train_acc=0.8019 val_acc=0.7679 macroF1=0.6005 chWA=0.6132 recall=[0.88, 0.5, 0.429]
[fold2 ep23] loss=0.6291 train_acc=0.7785 val_acc=0.6964 macroF1=0.5712 chWA=0.6887 recall=[0.711, 0.5, 0.714]
[fold2 ep24] loss=0.5119 train_acc=0.8222 val_acc=0.7857 macroF1=0.6419 chWA=0.6509 recall=[0.88, 0.625, 0.476]
[fold2 ep25] loss=0.5315 train_acc=0.8190 val_acc=0.7768 macroF1=0.6556 chWA=0.7217 recall=[0.819, 0.625, 0.667]
[fold2 ep26] loss=0.5727 train_acc=0.8003 val_acc=0.6875 macroF1=0.5840 chWA=0.7123 recall=[0.675, 0.625, 0.762]
[fold2 ep27] loss=0.5810 train_acc=0.7941 val_acc=0.7857 macroF1=0.6621 chWA=0.7075 recall=[0.843, 0.625, 0.619]
[fold2 ep28] loss=0.5702 train_acc=0.8268 val_acc=0.7768 macroF1=0.6560 chWA=0.7217 recall=[0.819, 0.625, 0.667]
[fold2 ep29] loss=0.5142 train_acc=0.8175 val_acc=0.7500 macroF1=0.6197 chWA=0.7170 recall=[0.783, 0.5, 0.714]
[fold2 ep30] loss=0.5313 train_acc=0.8097 val_acc=0.7768 macroF1=0.6621 chWA=0.6934 recall=[0.831, 0.75, 0.571]
[fold2] best_ep=27 val_macro_f1=0.6621 total=90s
[fold2 TEST] acc=0.7513 macroF1=0.6100 s_murmur=0.6648 recall=[0.82, 0.5, 0.583]

======== FOLD 3/5 ========
[split] train=641 dist=[473, 46, 122] val=112 dist=[83, 8, 21] test=189 dist=[139, 14, 36]
[imb] ce_weights=[0.486, 1.558, 0.957]
[fold3 ep01] loss=1.1646 train_acc=0.5086 val_acc=0.6696 macroF1=0.4172 chWA=0.4292 recall=[0.807, 1.0, 0.0]
[fold3 ep02] loss=1.0705 train_acc=0.5788 val_acc=0.3036 macroF1=0.3314 chWA=0.5566 recall=[0.108, 1.0, 0.81]
[fold3 ep03] loss=1.0509 train_acc=0.6334 val_acc=0.7500 macroF1=0.6082 chWA=0.6321 recall=[0.831, 0.625, 0.476]
[fold3 ep04] loss=1.0445 train_acc=0.5928 val_acc=0.6429 macroF1=0.5506 chWA=0.5849 recall=[0.663, 1.0, 0.429]
[fold3 ep05] loss=0.9163 train_acc=0.6521 val_acc=0.3839 macroF1=0.4145 chWA=0.5991 recall=[0.217, 1.0, 0.81]
[fold3 ep06] loss=0.8931 train_acc=0.6927 val_acc=0.2589 macroF1=0.2961 chWA=0.5708 recall=[0.036, 0.75, 0.952]
[fold3 ep07] loss=0.9539 train_acc=0.6521 val_acc=0.7321 macroF1=0.5250 chWA=0.5094 recall=[0.867, 0.875, 0.143]
[fold3 ep08] loss=0.9408 train_acc=0.7067 val_acc=0.7411 macroF1=0.6057 chWA=0.5991 recall=[0.819, 1.0, 0.333]
[fold3 ep09] loss=0.8967 train_acc=0.6817 val_acc=0.7768 macroF1=0.6472 chWA=0.6462 recall=[0.855, 0.875, 0.429]
[fold3 ep10] loss=0.9145 train_acc=0.6443 val_acc=0.7768 macroF1=0.6583 chWA=0.6557 recall=[0.843, 1.0, 0.429]
[fold3 ep11] loss=0.9007 train_acc=0.6599 val_acc=0.2232 macroF1=0.2551 chWA=0.5519 recall=[0.0, 0.5, 1.0]
[fold3 ep12] loss=0.9553 train_acc=0.6537 val_acc=0.7321 macroF1=0.6224 chWA=0.6887 recall=[0.759, 0.75, 0.619]
[fold3 ep13] loss=0.8049 train_acc=0.6958 val_acc=0.7768 macroF1=0.6641 chWA=0.7028 recall=[0.819, 0.875, 0.571]
[fold3 ep14] loss=0.8537 train_acc=0.7223 val_acc=0.7143 macroF1=0.6294 chWA=0.6981 recall=[0.711, 1.0, 0.619]
[fold3 ep15] loss=0.8092 train_acc=0.7020 val_acc=0.6161 macroF1=0.5474 chWA=0.6274 recall=[0.59, 1.0, 0.571]
[fold3 ep16] loss=0.8070 train_acc=0.7207 val_acc=0.5357 macroF1=0.5971 chWA=0.7264 recall=[0.398, 0.875, 0.952]
[fold3 ep17] loss=0.8073 train_acc=0.7114 val_acc=0.8036 macroF1=0.6708 chWA=0.6415 recall=[0.904, 0.875, 0.381]
[fold3 ep18] loss=0.7606 train_acc=0.7441 val_acc=0.7589 macroF1=0.6215 chWA=0.6085 recall=[0.843, 1.0, 0.333]
[fold3 ep19] loss=0.7663 train_acc=0.7223 val_acc=0.5982 macroF1=0.5704 chWA=0.7311 recall=[0.494, 1.0, 0.857]
[fold3 ep20] loss=0.6829 train_acc=0.7613 val_acc=0.8036 macroF1=0.6803 chWA=0.6887 recall=[0.88, 0.75, 0.524]
[fold3 ep21] loss=0.7071 train_acc=0.7520 val_acc=0.7857 macroF1=0.6716 chWA=0.6792 recall=[0.843, 1.0, 0.476]
[fold3 ep22] loss=0.7068 train_acc=0.7457 val_acc=0.7857 macroF1=0.6794 chWA=0.7358 recall=[0.819, 0.75, 0.667]
[fold3 ep23] loss=0.7422 train_acc=0.7426 val_acc=0.8036 macroF1=0.7150 chWA=0.7925 recall=[0.807, 0.875, 0.762]
[fold3 ep24] loss=0.7092 train_acc=0.7582 val_acc=0.8393 macroF1=0.7584 chWA=0.7925 recall=[0.867, 0.875, 0.714]
[fold3 ep25] loss=0.6808 train_acc=0.7644 val_acc=0.7946 macroF1=0.6947 chWA=0.7500 recall=[0.819, 0.875, 0.667]
[fold3 ep26] loss=0.7101 train_acc=0.7301 val_acc=0.8214 macroF1=0.7261 chWA=0.7642 recall=[0.855, 0.875, 0.667]
[fold3 ep27] loss=0.6777 train_acc=0.7644 val_acc=0.7946 macroF1=0.7031 chWA=0.7689 recall=[0.807, 0.875, 0.714]
[fold3 ep28] loss=0.6594 train_acc=0.7598 val_acc=0.8125 macroF1=0.7079 chWA=0.7217 recall=[0.867, 0.875, 0.571]
[fold3 ep29] loss=0.6939 train_acc=0.7613 val_acc=0.8036 macroF1=0.7061 chWA=0.7264 recall=[0.843, 1.0, 0.571]
[fold3 ep30] loss=0.6830 train_acc=0.7660 val_acc=0.7679 macroF1=0.6807 chWA=0.7453 recall=[0.771, 1.0, 0.667]
[fold3] best_ep=24 val_macro_f1=0.7584 total=91s
[fold3 TEST] acc=0.8360 macroF1=0.6827 s_murmur=0.7535 recall=[0.914, 0.357, 0.722]

======== FOLD 4/5 ========
[split] train=642 dist=[473, 47, 122] val=112 dist=[83, 8, 21] test=188 dist=[139, 13, 36]
[imb] ce_weights=[0.488, 1.55, 0.962]
[fold4 ep01] loss=1.1601 train_acc=0.5389 val_acc=0.2321 macroF1=0.2436 chWA=0.5094 recall=[0.024, 0.875, 0.81]
[fold4 ep02] loss=1.0493 train_acc=0.6059 val_acc=0.5268 macroF1=0.4568 chWA=0.5142 recall=[0.518, 0.875, 0.429]
[fold4 ep03] loss=1.0619 train_acc=0.5701 val_acc=0.4911 macroF1=0.4270 chWA=0.4953 recall=[0.47, 0.875, 0.429]
[fold4 ep04] loss=1.0058 train_acc=0.6106 val_acc=0.6161 macroF1=0.5292 chWA=0.5991 recall=[0.614, 0.875, 0.524]
[fold4 ep05] loss=0.9656 train_acc=0.6526 val_acc=0.6786 macroF1=0.4604 chWA=0.4623 recall=[0.807, 0.875, 0.095]
[fold4 ep06] loss=0.9939 train_acc=0.5935 val_acc=0.7143 macroF1=0.5286 chWA=0.5189 recall=[0.831, 0.875, 0.19]
[fold4 ep07] loss=0.9165 train_acc=0.6682 val_acc=0.7232 macroF1=0.5350 chWA=0.5236 recall=[0.843, 0.875, 0.19]
[fold4 ep08] loss=0.9341 train_acc=0.6636 val_acc=0.3214 macroF1=0.3320 chWA=0.5189 recall=[0.169, 0.875, 0.714]
[fold4 ep09] loss=0.8773 train_acc=0.6822 val_acc=0.6964 macroF1=0.5313 chWA=0.5283 recall=[0.795, 0.875, 0.238]
[fold4 ep10] loss=0.8904 train_acc=0.6760 val_acc=0.3482 macroF1=0.3842 chWA=0.5330 recall=[0.205, 0.875, 0.714]
[fold4 ep11] loss=0.8940 train_acc=0.6589 val_acc=0.7589 macroF1=0.5502 chWA=0.5236 recall=[0.904, 0.875, 0.143]
[fold4 ep12] loss=0.7869 train_acc=0.7009 val_acc=0.5536 macroF1=0.5013 chWA=0.6226 recall=[0.494, 0.875, 0.667]
[fold4 ep13] loss=0.7690 train_acc=0.7212 val_acc=0.7143 macroF1=0.6013 chWA=0.6509 recall=[0.747, 0.875, 0.524]
[fold4 ep14] loss=0.8047 train_acc=0.7196 val_acc=0.3393 macroF1=0.4122 chWA=0.6415 recall=[0.12, 0.875, 1.0]
[fold4 ep15] loss=0.7611 train_acc=0.7165 val_acc=0.7500 macroF1=0.6432 chWA=0.7075 recall=[0.771, 0.875, 0.619]
[fold4 ep16] loss=0.8069 train_acc=0.6900 val_acc=0.6161 macroF1=0.5509 chWA=0.6745 recall=[0.566, 0.875, 0.714]
[fold4 ep17] loss=0.7593 train_acc=0.7181 val_acc=0.7143 macroF1=0.5984 chWA=0.6321 recall=[0.759, 0.875, 0.476]
[fold4 ep18] loss=0.7530 train_acc=0.7025 val_acc=0.7946 macroF1=0.6439 chWA=0.6462 recall=[0.892, 0.75, 0.429]
[fold4 ep19] loss=0.6850 train_acc=0.7882 val_acc=0.6875 macroF1=0.5910 chWA=0.6557 recall=[0.699, 0.875, 0.571]
[fold4 ep20] loss=0.6905 train_acc=0.7461 val_acc=0.7321 macroF1=0.6241 chWA=0.6792 recall=[0.759, 0.875, 0.571]
[fold4 ep21] loss=0.6587 train_acc=0.7850 val_acc=0.7679 macroF1=0.6619 chWA=0.7170 recall=[0.795, 0.875, 0.619]
[fold4 ep22] loss=0.6410 train_acc=0.7944 val_acc=0.7500 macroF1=0.6246 chWA=0.6509 recall=[0.807, 0.875, 0.476]
[fold4 ep23] loss=0.6518 train_acc=0.7741 val_acc=0.7054 macroF1=0.6018 chWA=0.6651 recall=[0.723, 0.875, 0.571]
[fold4 ep24] loss=0.7163 train_acc=0.7383 val_acc=0.7946 macroF1=0.6766 chWA=0.7123 recall=[0.843, 0.875, 0.571]
[fold4 ep25] loss=0.6437 train_acc=0.7960 val_acc=0.7679 macroF1=0.6305 chWA=0.6509 recall=[0.843, 0.75, 0.476]
[fold4 ep26] loss=0.6189 train_acc=0.8084 val_acc=0.7768 macroF1=0.6573 chWA=0.7123 recall=[0.819, 0.75, 0.619]
[fold4 ep27] loss=0.6426 train_acc=0.7804 val_acc=0.7857 macroF1=0.6538 chWA=0.6792 recall=[0.855, 0.75, 0.524]
[fold4 ep28] loss=0.6323 train_acc=0.7788 val_acc=0.7679 macroF1=0.6500 chWA=0.6792 recall=[0.819, 0.875, 0.524]
[fold4 ep29] loss=0.6767 train_acc=0.7804 val_acc=0.7500 macroF1=0.6246 chWA=0.6509 recall=[0.807, 0.875, 0.476]
[fold4 ep30] loss=0.6144 train_acc=0.8006 val_acc=0.7768 macroF1=0.6457 chWA=0.6745 recall=[0.843, 0.75, 0.524]
[fold4] best_ep=24 val_macro_f1=0.6766 total=92s
[fold4 TEST] acc=0.7872 macroF1=0.6691 s_murmur=0.7374 recall=[0.827, 0.615, 0.694]

======== FOLD 5/5 ========
[split] train=642 dist=[473, 47, 122] val=113 dist=[83, 8, 22] test=187 dist=[139, 13, 35]
[imb] ce_weights=[0.488, 1.55, 0.962]
[fold5 ep01] loss=1.1415 train_acc=0.4875 val_acc=0.5841 macroF1=0.4414 chWA=0.4424 recall=[0.663, 0.875, 0.182]
[fold5 ep02] loss=1.0742 train_acc=0.5498 val_acc=0.4779 macroF1=0.4284 chWA=0.6267 recall=[0.386, 0.375, 0.864]
[fold5 ep03] loss=1.0008 train_acc=0.5903 val_acc=0.3894 macroF1=0.3809 chWA=0.5530 recall=[0.253, 1.0, 0.682]
[fold5 ep04] loss=1.0586 train_acc=0.5935 val_acc=0.8053 macroF1=0.5653 chWA=0.6498 recall=[0.94, 0.125, 0.545]
[fold5 ep05] loss=0.9931 train_acc=0.6184 val_acc=0.7788 macroF1=0.6216 chWA=0.6359 recall=[0.88, 0.625, 0.455]
[fold5 ep06] loss=0.8890 train_acc=0.6511 val_acc=0.6903 macroF1=0.6254 chWA=0.7465 recall=[0.639, 1.0, 0.773]
[fold5 ep07] loss=0.8720 train_acc=0.6745 val_acc=0.7611 macroF1=0.4946 chWA=0.5069 recall=[0.952, 0.25, 0.227]
[fold5 ep08] loss=0.9306 train_acc=0.6776 val_acc=0.8142 macroF1=0.6323 chWA=0.6728 recall=[0.928, 0.375, 0.545]
[fold5 ep09] loss=0.8365 train_acc=0.7072 val_acc=0.7965 macroF1=0.6502 chWA=0.7834 recall=[0.819, 0.5, 0.818]
[fold5 ep10] loss=0.8042 train_acc=0.7181 val_acc=0.4425 macroF1=0.4610 chWA=0.5806 recall=[0.325, 1.0, 0.682]
[fold5 ep11] loss=0.7757 train_acc=0.7399 val_acc=0.2655 macroF1=0.2414 chWA=0.5530 recall=[0.084, 0.125, 1.0]
[fold5 ep12] loss=0.7205 train_acc=0.7523 val_acc=0.8142 macroF1=0.6256 chWA=0.6544 recall=[0.94, 0.375, 0.5]
[fold5 ep13] loss=0.8085 train_acc=0.6963 val_acc=0.7876 macroF1=0.6526 chWA=0.7235 recall=[0.843, 0.5, 0.682]
[fold5 ep14] loss=0.7774 train_acc=0.6729 val_acc=0.4956 macroF1=0.4928 chWA=0.5991 recall=[0.41, 0.875, 0.682]
[fold5 ep15] loss=0.7407 train_acc=0.7477 val_acc=0.8407 macroF1=0.6273 chWA=0.6406 recall=[1.0, 0.25, 0.455]
[fold5 ep16] loss=0.7227 train_acc=0.7383 val_acc=0.5575 macroF1=0.5120 chWA=0.6866 recall=[0.458, 0.875, 0.818]
[fold5 ep17] loss=0.6745 train_acc=0.7477 val_acc=0.8230 macroF1=0.7022 chWA=0.7143 recall=[0.892, 0.875, 0.545]
[fold5 ep18] loss=0.6569 train_acc=0.7679 val_acc=0.8584 macroF1=0.7305 chWA=0.7696 recall=[0.928, 0.625, 0.682]
[fold5 ep19] loss=0.6512 train_acc=0.7741 val_acc=0.8673 macroF1=0.7375 chWA=0.7558 recall=[0.952, 0.625, 0.636]
[fold5 ep20] loss=0.6389 train_acc=0.7773 val_acc=0.8938 macroF1=0.7621 chWA=0.7972 recall=[0.976, 0.5, 0.727]
[fold5 ep21] loss=0.5975 train_acc=0.8146 val_acc=0.8496 macroF1=0.6451 chWA=0.6820 recall=[0.988, 0.25, 0.545]
[fold5 ep22] loss=0.5833 train_acc=0.8084 val_acc=0.6106 macroF1=0.5551 chWA=0.7327 recall=[0.518, 0.875, 0.864]
[fold5 ep23] loss=0.6542 train_acc=0.7710 val_acc=0.8938 macroF1=0.7195 chWA=0.7788 recall=[1.0, 0.25, 0.727]
[fold5 ep24] loss=0.6257 train_acc=0.7866 val_acc=0.8673 macroF1=0.7365 chWA=0.7926 recall=[0.928, 0.625, 0.727]
[fold5 ep25] loss=0.5728 train_acc=0.8069 val_acc=0.8938 macroF1=0.7813 chWA=0.8249 recall=[0.952, 0.625, 0.773]
[fold5 ep26] loss=0.5877 train_acc=0.7897 val_acc=0.8584 macroF1=0.7370 chWA=0.8065 recall=[0.904, 0.625, 0.773]
[fold5 ep27] loss=0.5905 train_acc=0.7773 val_acc=0.8496 macroF1=0.7242 chWA=0.7926 recall=[0.892, 0.75, 0.727]
[fold5 ep28] loss=0.5437 train_acc=0.8037 val_acc=0.8673 macroF1=0.7405 chWA=0.7926 recall=[0.928, 0.625, 0.727]
[fold5 ep29] loss=0.5700 train_acc=0.7960 val_acc=0.8850 macroF1=0.7799 chWA=0.8387 recall=[0.928, 0.625, 0.818]
[fold5 ep30] loss=0.5634 train_acc=0.8224 val_acc=0.8938 macroF1=0.7770 chWA=0.8249 recall=[0.952, 0.625, 0.773]
[fold5] best_ep=25 val_macro_f1=0.7813 total=93s
[fold5 TEST] acc=0.7540 macroF1=0.5923 s_murmur=0.6034 recall=[0.856, 0.615, 0.4]

===== CV SUMMARY (official s_murmur) =====
per-fold: [0.759, 0.6648, 0.7535, 0.7374, 0.6034]
mean=0.7036 std=0.0604

===== OOF ENSEMBLE (each patient voted by a model that never saw them) =====
acc=0.7909 macroF1=0.6507 s_murmur=0.7040 recall=[0.859, 0.544, 0.62]
confusion:
[[597  67  31]
 [ 26  37   5]
 [ 56  12 111]]
[save] kfold_results.json
================ KFOLD DONE ================
