[env] device=cuda torch=2.6.0+cu124 seed=48 boost=1.0 mode=both sampling=sqrt es=macro_f1
[env] gpu=Tesla P4
[data] patients=942 wavs=3158 labels={'Absent': 695, 'Unknown': 68, 'Present': 179}
[split] loaded existing /root/heart-train/v3_split_seed42.json
[split] train=659 dist=[486, 48, 125]
[split] val  =141 dist=[104, 10, 27]
[split] test =142 dist=[105, 10, 27]
[feat] 400/3158 (0s)
[feat] 800/3158 (0s)
[feat] 1200/3158 (0s)
[feat] 1600/3158 (0s)
[feat] 2000/3158 (0s)
[feat] 2400/3158 (1s)
[feat] 2800/3158 (1s)
[feat] cache ready: 3158 mels (0 computed, 1s)
[imb] train counts=[486, 48, 125] sampling=sqrt boost=1.0 mode=both ce_weights=[0.488, 1.551, 0.961] samp_weights=[0.488, 1.551, 0.961]

======== TRAIN FUSION MODEL tag=s48_30ep ========
[model] params=404,358
[fusion ep 01] loss=1.1170 train_acc=0.5083 val_acc=0.7305 macroF1=0.5749 chWA=0.5762 recall=[0.827, 0.8, 0.333] (14.0s)
[fusion ep 02] loss=1.0796 train_acc=0.5448 val_acc=0.3475 macroF1=0.3420 chWA=0.4498 recall=[0.25, 1.0, 0.481] (11.1s)
[fusion ep 03] loss=0.9859 train_acc=0.6176 val_acc=0.6170 macroF1=0.5442 chWA=0.5911 recall=[0.625, 0.8, 0.519] (11.4s)
[fusion ep 04] loss=0.9998 train_acc=0.6115 val_acc=0.7518 macroF1=0.6006 chWA=0.6022 recall=[0.846, 0.8, 0.37] (11.0s)
[fusion ep 05] loss=0.9650 train_acc=0.6131 val_acc=0.7021 macroF1=0.5630 chWA=0.5985 recall=[0.779, 0.5, 0.481] (11.1s)
[fusion ep 06] loss=0.9357 train_acc=0.6555 val_acc=0.7943 macroF1=0.6263 chWA=0.6097 recall=[0.923, 0.6, 0.37] (11.1s)
[fusion ep 07] loss=0.9346 train_acc=0.6480 val_acc=0.6596 macroF1=0.5646 chWA=0.5836 recall=[0.692, 1.0, 0.407] (11.3s)
[fusion ep 08] loss=0.8642 train_acc=0.6646 val_acc=0.8227 macroF1=0.6419 chWA=0.6543 recall=[0.952, 0.4, 0.481] (11.1s)
[fusion ep 09] loss=0.8481 train_acc=0.6829 val_acc=0.7730 macroF1=0.6309 chWA=0.6506 recall=[0.856, 0.7, 0.481] (11.3s)
[fusion ep 10] loss=0.9079 train_acc=0.6404 val_acc=0.8085 macroF1=0.6787 chWA=0.6766 recall=[0.894, 0.8, 0.481] (11.2s)
[fusion ep 11] loss=0.8623 train_acc=0.6844 val_acc=0.4894 macroF1=0.4757 chWA=0.5985 recall=[0.413, 0.6, 0.741] (11.1s)
[fusion ep 12] loss=0.8258 train_acc=0.6965 val_acc=0.4610 macroF1=0.4344 chWA=0.5688 recall=[0.394, 0.4, 0.741] (11.2s)
[fusion ep 13] loss=0.7957 train_acc=0.7269 val_acc=0.8014 macroF1=0.6730 chWA=0.6580 recall=[0.885, 1.0, 0.407] (11.1s)
[fusion ep 14] loss=0.8320 train_acc=0.7026 val_acc=0.3759 macroF1=0.3676 chWA=0.5316 recall=[0.279, 0.3, 0.778] (11.1s)
[fusion ep 15] loss=0.7713 train_acc=0.7147 val_acc=0.7872 macroF1=0.6596 chWA=0.6654 recall=[0.865, 0.8, 0.481] (11.2s)
[fusion ep 16] loss=0.7069 train_acc=0.7769 val_acc=0.7730 macroF1=0.5924 chWA=0.6431 recall=[0.875, 0.4, 0.519] (9.9s)
[fusion ep 17] loss=0.6889 train_acc=0.7648 val_acc=0.7872 macroF1=0.6781 chWA=0.7323 recall=[0.827, 0.7, 0.667] (8.2s)
[fusion] early stop at epoch 17
[fusion] best epoch=10 val_macro_f1=0.6787 | 11.1s/epoch | total 189s

===== FUSION MODEL: VAL =====
--- FUSION val (attention-fused) ---
  accuracy      : 0.8085
  macro-F1      : 0.6787  (per-class [0.886, 0.516, 0.634])
  legacy wacc   : 0.5622 (w 0.1/0.2/1.0)
  CHALLENGE WA  : 0.6766 (official s_murmur, w Absent1/Unknown3/Present5)
  per-class recall/sens: [0.894, 0.8, 0.481]
  per-class spec       : [0.649, 0.901, 0.991]
  confusion (rows=true [Absent,Unknown,Present], cols=pred):
  [[93, 10, 1], [2, 8, 0], [11, 3, 13]]
--- FUSION-vote val (per-loc majority) ---
  accuracy      : 0.6950
  macro-F1      : 0.5766  (per-class [0.804, 0.34, 0.585])
  legacy wacc   : 0.5226 (w 0.1/0.2/1.0)
  CHALLENGE WA  : 0.6022 (official s_murmur, w Absent1/Unknown3/Present5)
  per-class recall/sens: [0.75, 0.8, 0.444]
  per-class spec       : [0.676, 0.779, 0.982]
  confusion (rows=true [Absent,Unknown,Present], cols=pred):
  [[78, 24, 2], [2, 8, 0], [10, 5, 12]]

===== FUSION MODEL: HELD-OUT TEST =====
--- FUSION test (attention-fused) ---
  accuracy      : 0.8099
  macro-F1      : 0.6968  (per-class [0.879, 0.5, 0.711])
  legacy wacc   : 0.6456 (w 0.1/0.2/1.0)
  CHALLENGE WA  : 0.7222 (official s_murmur, w Absent1/Unknown3/Present5)
  per-class recall/sens: [0.867, 0.8, 0.593]
  per-class spec       : [0.703, 0.894, 0.983]
  confusion (rows=true [Absent,Unknown,Present], cols=pred):
  [[91, 12, 2], [2, 8, 0], [9, 2, 16]]
--- FUSION-vote test (per-loc majority) ---
  accuracy      : 0.6972
  macro-F1      : 0.5862  (per-class [0.812, 0.346, 0.6])
  legacy wacc   : 0.5375 (w 0.1/0.2/1.0)
  CHALLENGE WA  : 0.6111 (official s_murmur, w Absent1/Unknown3/Present5)
  per-class recall/sens: [0.743, 0.9, 0.444]
  per-class spec       : [0.757, 0.75, 0.991]
  confusion (rows=true [Absent,Unknown,Present], cols=pred):
  [[78, 26, 1], [1, 9, 0], [8, 7, 12]]
[save] /root/heart-train/best_model_v4_s48_30ep.pt
[save] /root/heart-train/v4_test_s48_30ep.npz
[result] saved to /root/heart-train/exp_results_v4.json
================ DONE ================
