[env] device=cuda torch=2.6.0+cu124 seed=49 boost=1.0 mode=both sampling=sqrt es=macro_f1
[env] gpu=Tesla P4
[data] patients=942 wavs=3158 labels={'Absent': 695, 'Unknown': 68, 'Present': 179}
[split] loaded existing /root/heart-train/v3_split_seed42.json
[split] train=659 dist=[486, 48, 125]
[split] val  =141 dist=[104, 10, 27]
[split] test =142 dist=[105, 10, 27]
[feat] 400/3158 (0s)
[feat] 800/3158 (0s)
[feat] 1200/3158 (0s)
[feat] 1600/3158 (0s)
[feat] 2000/3158 (1s)
[feat] 2400/3158 (1s)
[feat] 2800/3158 (1s)
[feat] cache ready: 3158 mels (0 computed, 1s)
[imb] train counts=[486, 48, 125] sampling=sqrt boost=1.0 mode=both ce_weights=[0.488, 1.551, 0.961] samp_weights=[0.488, 1.551, 0.961]

======== TRAIN FUSION MODEL tag=s49_30ep ========
[model] params=404,358
[fusion ep 01] loss=1.1523 train_acc=0.4780 val_acc=0.2624 macroF1=0.2954 chWA=0.4647 recall=[0.106, 0.8, 0.667] (14.2s)
[fusion ep 02] loss=1.0285 train_acc=0.5645 val_acc=0.4255 macroF1=0.2845 chWA=0.4758 recall=[0.413, 0.0, 0.63] (11.3s)
[fusion ep 03] loss=1.0322 train_acc=0.5736 val_acc=0.6454 macroF1=0.5382 chWA=0.5836 recall=[0.673, 0.9, 0.444] (11.3s)
[fusion ep 04] loss=0.9956 train_acc=0.6085 val_acc=0.7730 macroF1=0.6360 chWA=0.6506 recall=[0.856, 0.7, 0.481] (11.0s)
[fusion ep 05] loss=0.9148 train_acc=0.6267 val_acc=0.7660 macroF1=0.6331 chWA=0.6543 recall=[0.846, 0.6, 0.519] (11.3s)
[fusion ep 06] loss=0.9228 train_acc=0.6404 val_acc=0.7872 macroF1=0.6511 chWA=0.6431 recall=[0.875, 0.9, 0.407] (11.2s)
[fusion ep 07] loss=0.9213 train_acc=0.6571 val_acc=0.2340 macroF1=0.2840 chWA=0.5167 recall=[0.019, 0.9, 0.815] (11.2s)
[fusion ep 08] loss=0.8947 train_acc=0.6464 val_acc=0.4894 macroF1=0.4709 chWA=0.5911 recall=[0.413, 0.7, 0.704] (11.2s)
[fusion ep 09] loss=0.8516 train_acc=0.6646 val_acc=0.7376 macroF1=0.5947 chWA=0.6468 recall=[0.808, 0.5, 0.556] (11.1s)
[fusion ep 10] loss=0.7593 train_acc=0.7360 val_acc=0.8085 macroF1=0.6728 chWA=0.6617 recall=[0.904, 0.8, 0.444] (11.3s)
[fusion ep 11] loss=0.8671 train_acc=0.6616 val_acc=0.7943 macroF1=0.6645 chWA=0.6617 recall=[0.875, 0.9, 0.444] (11.2s)
[fusion ep 12] loss=0.8315 train_acc=0.6616 val_acc=0.6170 macroF1=0.5697 chWA=0.6952 recall=[0.558, 0.8, 0.778] (11.3s)
[fusion ep 13] loss=0.7584 train_acc=0.7086 val_acc=0.7801 macroF1=0.6487 chWA=0.6617 recall=[0.856, 0.8, 0.481] (11.2s)
[fusion ep 14] loss=0.7560 train_acc=0.7147 val_acc=0.7660 macroF1=0.6306 chWA=0.6766 recall=[0.837, 0.5, 0.593] (11.4s)
[fusion ep 15] loss=0.7971 train_acc=0.6783 val_acc=0.8156 macroF1=0.6855 chWA=0.6877 recall=[0.904, 0.7, 0.519] (11.0s)
[fusion ep 16] loss=0.7563 train_acc=0.7344 val_acc=0.3688 macroF1=0.3987 chWA=0.5799 recall=[0.221, 0.6, 0.852] (9.8s)
[fusion ep 17] loss=0.7135 train_acc=0.7132 val_acc=0.7376 macroF1=0.6076 chWA=0.6617 recall=[0.798, 0.5, 0.593] (8.5s)
[fusion ep 18] loss=0.6816 train_acc=0.7496 val_acc=0.7660 macroF1=0.6842 chWA=0.7435 recall=[0.769, 1.0, 0.667] (4.3s)
[fusion ep 19] loss=0.6972 train_acc=0.7572 val_acc=0.3050 macroF1=0.3570 chWA=0.5539 recall=[0.135, 0.5, 0.889] (5.2s)
[fusion ep 20] loss=0.6741 train_acc=0.7466 val_acc=0.7943 macroF1=0.6649 chWA=0.6617 recall=[0.875, 0.9, 0.444] (4.7s)
[fusion ep 21] loss=0.6152 train_acc=0.7876 val_acc=0.6454 macroF1=0.5899 chWA=0.7175 recall=[0.596, 0.7, 0.815] (4.4s)
[fusion ep 22] loss=0.6987 train_acc=0.7390 val_acc=0.7801 macroF1=0.6654 chWA=0.6914 recall=[0.837, 0.8, 0.556] (4.9s)
[fusion] early stop at epoch 22
[fusion] best epoch=15 val_macro_f1=0.6855 | 9.7s/epoch | total 213s

===== FUSION MODEL: VAL =====
--- FUSION val (attention-fused) ---
  accuracy      : 0.8156
  macro-F1      : 0.6855  (per-class [0.887, 0.519, 0.651])
  legacy wacc   : 0.5761 (w 0.1/0.2/1.0)
  CHALLENGE WA  : 0.6877 (official s_murmur, w Absent1/Unknown3/Present5)
  per-class recall/sens: [0.904, 0.7, 0.519]
  per-class spec       : [0.622, 0.924, 0.982]
  confusion (rows=true [Absent,Unknown,Present], cols=pred):
  [[94, 8, 2], [3, 7, 0], [11, 2, 14]]
--- FUSION-vote val (per-loc majority) ---
  accuracy      : 0.7021
  macro-F1      : 0.5836  (per-class [0.81, 0.34, 0.6])
  legacy wacc   : 0.5234 (w 0.1/0.2/1.0)
  CHALLENGE WA  : 0.6059 (official s_murmur, w Absent1/Unknown3/Present5)
  per-class recall/sens: [0.76, 0.8, 0.444]
  per-class spec       : [0.676, 0.779, 0.991]
  confusion (rows=true [Absent,Unknown,Present], cols=pred):
  [[79, 24, 1], [2, 8, 0], [10, 5, 12]]

===== FUSION MODEL: HELD-OUT TEST =====
--- FUSION test (attention-fused) ---
  accuracy      : 0.8169
  macro-F1      : 0.6960  (per-class [0.89, 0.516, 0.682])
  legacy wacc   : 0.6186 (w 0.1/0.2/1.0)
  CHALLENGE WA  : 0.7111 (official s_murmur, w Absent1/Unknown3/Present5)
  per-class recall/sens: [0.886, 0.8, 0.556]
  per-class spec       : [0.703, 0.902, 0.983]
  confusion (rows=true [Absent,Unknown,Present], cols=pred):
  [[93, 10, 2], [2, 8, 0], [9, 3, 15]]
--- FUSION-vote test (per-loc majority) ---
  accuracy      : 0.7042
  macro-F1      : 0.5926  (per-class [0.823, 0.34, 0.615])
  legacy wacc   : 0.5382 (w 0.1/0.2/1.0)
  CHALLENGE WA  : 0.6148 (official s_murmur, w Absent1/Unknown3/Present5)
  per-class recall/sens: [0.752, 0.9, 0.444]
  per-class spec       : [0.784, 0.742, 1.0]
  confusion (rows=true [Absent,Unknown,Present], cols=pred):
  [[79, 26, 0], [1, 9, 0], [7, 8, 12]]
[save] /root/heart-train/best_model_v4_s49_30ep.pt
[save] /root/heart-train/v4_test_s49_30ep.npz
[result] saved to /root/heart-train/exp_results_v4.json
================ DONE ================
